// Jest Snapshot v1, https://goo.gl/fbAQLP

exports[`<WidgetGrid /> should render with empty props 1`] = `
<div
  className="row"
>
  <div
    className="dashboard"
    style={
      Object {
        "marginLeft": "-20px",
      }
    }
  />
</div>
`;
